---
source: tui/src/bottom_pane/feedback_view.rs
assertion_line: 746
expression: rendered
---
Upload logs?

The following files will be sent:
  • agent9527-logs.log
  • agent9527-doctor-report.json
  • agent9527-apps-tools-cache.json (if available)
  • agent9527-app-directory-cache.json (if available)
  • windows-sandbox.log
  • rollout.jsonl
  • auto-review-rollout.jsonl
