---
source: tui/src/bottom_pane/chat_composer.rs
expression: terminal.backend()
---
"                                            "
"› Ask Agent9527 to do anything              "
"                                            "
"                                            "
"                                            "
"                                            "
"                                            "
"                                            "
"  Plan mode (shift+tab to cycle)            "
