---
source: tui/src/bottom_pane/chat_composer.rs
expression: terminal.backend()
---
"                          "
"› Ask Agent9527 to do any "
"                          "
"                          "
"                          "
"                          "
"                          "
"                          "
"  Plan mode               "
