---
source: tui/src/status/tests.rs
expression: sanitized
---
/status

╭─────────────────────────────────────────────────────────────────────────────╮
│  ⣰⣭⣆ Agent9527 (v20260727.2.0)                                              │
│                                                                             │
│ Visit https://chatgpt.com/settings/usage for up-to-date information on rate │
│ limits and credits                                                          │
│                                                                             │
│  Model:            gpt-5.1-agent9527-max (reasoning none, summaries auto)   │
│  Directory: [[workspace]]                                                   │
│  Permissions:      Custom (workspace with network access, Ask for approval) │
│  Agents.md:        <none>                                                   │
│                                                                             │
│  Token usage:      750 total  (500 input + 250 output)                      │
│  Context window:   100% left (750 used / 272K)                              │
│  Limits:           not available for this account                           │
╰─────────────────────────────────────────────────────────────────────────────╯
