---
source: tui/src/history_cell/tests.rs
expression: rendered
---
╭─────────────────────────────────────────────────────╮
│ ✨ Update available! 20260727.4.0 -> 9.9.9          │
│ Run pnpm add -g @tkpdx01/agent9527 to update.       │
│                                                     │
│ See full release notes:                             │
│ https://github.com/openai/agent9527/releases/latest │
╰─────────────────────────────────────────────────────╯
