---
source: tui/src/history_cell/tests.rs
expression: rendered
---
╭───────────────────────────────────────╮
│ ⣰⣭⣆ Agent9527 (vtest)                 │
│                                       │
│ model:       gpt-5   /model to change │
│ directory:   /tmp/project             │
│ permissions: YOLO mode                │
╰───────────────────────────────────────╯
