---
source: tui/src/model_migration.rs
expression: terminal.backend()
---

> Agent9527 just got an upgrade. Introducing gpt-5.1-agent95

  We recommend switching from gpt-5-agent9527 to
  gpt-5.1-agent9527-max.

  Agent9527-optimized flagship for deep and fast reasoning.
  Learn more about gpt-5.1-agent9527-max at
  https://www.agent9527.com/models/gpt-5.1-agent9527-max

  Press enter to continue
