---
source: tui/src/model_migration.rs
expression: terminal.backend()
---

> Agent9527 just got an upgrade. Introducing gpt-5.1-agent95

  We recommend switching from gpt-5-agent9527-mini to
  gpt-5.1-agent9527-mini.

  Optimized for agent9527. Cheaper, faster, but less
  capable. Learn more about gpt-5.1-agent9527-mini at
  https://www.agent9527.com/models/gpt-5.1-agent9527-mini

  Press enter to continue
