---
source: tui/src/diff_render.rs
assertion_line: 765
expression: terminal.backend()
---
"• Proposed Change README.md (+1 -1)                                             "
"    1     -# Agent9527 CLI (Rust Implementation)                                    "
"    1     +# Agent9527 CLI (Rust Implementation) banana                             "
"                                                                                "
"                                                                                "
"                                                                                "
"                                                                                "
"                                                                                "
