---
source: tui/src/markdown_render_tests.rs
expression: "plain_lines(&text).join(\"\\n\")"
---
 Unit                                                Files    Adds    Removes    What It Adds
━━━━━━━━━━━━━━━━━━━━━━━━━━━━━━━━━━━━━━━  ━━━━━━━━━━━━━━━━━━  ━━━━━━  ━━━━━━━━━  ━━━━━━━━━━━━━━━━━━━━━━━━━━━━━━━━━━━━━━━━
 Suggestion engine and unit coverage         agent9527-rs/     704          0    Sampling workflow, stable-history
                                                 core/src/                       checks, tool-flow suppression, fast
                                          next_prompt_sugg                       reasoning profile, filtering rules,
                                              estion.rs:1,                       cancellation and timeout.
                                             agent9527-rs/
                                                 core/src/
                                          next_prompt_sugg
                                          estion_tests.rs:
                                                         1
───────────────────────────────────────  ──────────────────  ──────  ─────────  ────────────────────────────────────────
 Model instruction fragment and              agent9527-rs/      54          0    Synthetic suggestion prompt and an
 contextual isolation                            core/src/                       isolation test for ordinary user text.
                                                  context/
                                          next_prompt_sugg
                                              estion.rs:1,
                                             agent9527-rs/
                                                 core/src/
                                                  context/
                                          contextual_user_
                                          message_tests.rs
                                                        :1
